jmattson@ibm.net
{"email":"jmattson@ibm.net","did_you_mean":"","user":"jmattson","domain":"ibm.net","format_valid":true,"mx_found":false,"smtp_check":false,"catch_all":null,"role":false,"disposable":false,"free":true,"score":0.48}

rich@gdn.net
{"email":"rich@gdn.net","did_you_mean":"","user":"rich","domain":"gdn.net","format_valid":true,"mx_found":true,"smtp_check":false,"catch_all":null,"role":false,"disposable":false,"free":false,"score":0.64}

software.adhoc.87@gmail.com
{"email":"software.adhoc.87@gmail.com","did_you_mean":"","user":"software.adhoc.87","domain":"gmail.com","format_valid":true,"mx_found":true,"smtp_check":true,"catch_all":null,"role":false,"disposable":false,"free":true,"score":0.64}

mdavis@cruiseplanners.com
{"email":"mdavis@cruiseplanners.com","did_you_mean":"","user":"mdavis","domain":"cruiseplanners.com","format_valid":true,"mx_found":true,"smtp_check":true,"catch_all":null,"role":false,"disposable":false,"free":false,"score":0.8}

mfee@cruiseplanners.com
{"email":"mfee@cruiseplanners.com","did_you_mean":"","user":"mfee","domain":"cruiseplanners.com","format_valid":true,"mx_found":true,"smtp_check":true,"catch_all":null,"role":false,"disposable":false,"free":false,"score":0.8}

miguel@probids.ai
{"email":"miguel@probids.ai","did_you_mean":"","user":"miguel","domain":"probids.ai","format_valid":true,"mx_found":true,"smtp_check":true,"catch_all":null,"role":false,"disposable":false,"free":false,"score":0.8}

mkguzman@ufl.edu
{"email":"mkguzman@ufl.edu","did_you_mean":"mkguzman@udel.edu","user":"mkguzman","domain":"ufl.edu","format_valid":true,"mx_found":true,"smtp_check":false,"catch_all":null,"role":false,"disposable":false,"free":true,"score":0.0}

rclaver@ibm.net
{"email":"rclaver@ibm.net","did_you_mean":"","user":"rclaver","domain":"ibm.net","format_valid":true,"mx_found":false,"smtp_check":false,"catch_all":null,"role":false,"disposable":false,"free":true,"score":0.48}

bellog@espn.com
{"email":"bellog@espn.com","did_you_mean":"bellog@msn.com","user":"bellog","domain":"espn.com","format_valid":true,"mx_found":true,"smtp_check":false,"catch_all":null,"role":false,"disposable":false,"free":false,"score":0.16}

trobinson2601@gmail.com
{"email":"trobinson2601@gmail.com","did_you_mean":"","user":"trobinson2601","domain":"gmail.com","format_valid":true,"mx_found":true,"smtp_check":true,"catch_all":null,"role":false,"disposable":false,"free":true,"score":0.64}